<INDEX title="Tile package reference" package="tile" version="0.7">
    <MAN id="tile-intro" title="intro"/>
    <DEF cat="manpage" name="tile-intro" manpage="tile-intro"/>
    <DEF cat="misc" name="tile_intro" manpage="tile-intro"/>
    <MAN id="widget" title="widget"/>
    <DEF cat="manpage" name="widget" manpage="widget"/>
    <DEF cat="stdopt" name="widget" manpage="widget"/>
    <DEF cat="stdopt" name="-class" manpage="widget" subpart="stdopt_-class"/>
    <DEF cat="stdopt" name="-cursor" manpage="widget" subpart="stdopt_-cursor"/>
    <DEF cat="stdopt" name="-takefocus" manpage="widget" subpart="stdopt_-takefocus"/>
    <DEF cat="stdopt" name="-style" manpage="widget" subpart="stdopt_-style"/>
    <DEF cat="stdopt" name="-xscrollcommand" manpage="widget" subpart="stdopt_-xscrollcommand"/>
    <DEF cat="stdopt" name="-yscrollcommand" manpage="widget" subpart="stdopt_-yscrollcommand"/>
    <DEF cat="stdopt" name="-text" manpage="widget" subpart="stdopt_-text"/>
    <DEF cat="stdopt" name="-textvariable" manpage="widget" subpart="stdopt_-textvariable"/>
    <DEF cat="stdopt" name="-underline" manpage="widget" subpart="stdopt_-underline"/>
    <DEF cat="stdopt" name="-image" manpage="widget" subpart="stdopt_-image"/>
    <DEF cat="stdopt" name="-compound" manpage="widget" subpart="stdopt_-compound"/>
    <DEF cat="stdopt" name="-width" manpage="widget" subpart="stdopt_-width"/>
    <DEF cat="stdopt" name="-state" manpage="widget" subpart="stdopt_-state"/>
    <KWD name="state" manpage="widget"/>
    <KWD name="configure" manpage="widget"/>
    <KWD name="option" manpage="widget"/>
    <MAN id="style" title="style"/>
    <DEF cat="manpage" name="style" manpage="style"/>
    <DEF cat="cmd" name="ttk::style" manpage="style"/>
    <KWD name="style" manpage="style"/>
    <KWD name="theme" manpage="style"/>
    <KWD name="appearance" manpage="style"/>
    <MAN id="image" title="image"/>
    <DEF cat="manpage" name="image" manpage="image"/>
    <DEF cat="cmd" name="ttk_image" manpage="image"/>
    <KWD name="pixmap theme" manpage="image"/>
    <KWD name="image" manpage="image"/>
    <MAN id="button" title="button"/>
    <DEF cat="manpage" name="button" manpage="button"/>
    <DEF cat="widget" name="ttk::button" manpage="button"/>
    <KWD name="widget" manpage="button"/>
    <KWD name="button" manpage="button"/>
    <KWD name="default" manpage="button"/>
    <KWD name="command" manpage="button"/>
    <MAN id="checkbutton" title="checkbutton"/>
    <DEF cat="manpage" name="checkbutton" manpage="checkbutton"/>
    <DEF cat="widget" name="ttk::checkbutton" manpage="checkbutton"/>
    <KWD name="widget" manpage="checkbutton"/>
    <KWD name="button" manpage="checkbutton"/>
    <KWD name="toggle" manpage="checkbutton"/>
    <KWD name="check" manpage="checkbutton"/>
    <KWD name="option" manpage="checkbutton"/>
    <MAN id="combobox" title="combobox"/>
    <DEF cat="manpage" name="combobox" manpage="combobox"/>
    <DEF cat="cmd" name="ttk::combobox" manpage="combobox"/>
    <MAN id="dialog" title="dialog"/>
    <DEF cat="manpage" name="dialog" manpage="dialog"/>
    <DEF cat="cmd" name="ttk::dialog" manpage="dialog"/>
    <MAN id="entry" title="entry"/>
    <DEF cat="manpage" name="entry" manpage="entry"/>
    <DEF cat="widget" name="ttk::entry" manpage="entry"/>
    <KWD name="entry" manpage="entry"/>
    <KWD name="widget" manpage="entry"/>
    <KWD name="text field" manpage="entry"/>
    <MAN id="frame" title="frame"/>
    <DEF cat="manpage" name="frame" manpage="frame"/>
    <DEF cat="widget" name="ttk::frame" manpage="frame"/>
    <KWD name="widget" manpage="frame"/>
    <KWD name="frame" manpage="frame"/>
    <KWD name="container" manpage="frame"/>
    <MAN id="label" title="label"/>
    <DEF cat="manpage" name="label" manpage="label"/>
    <DEF cat="widget" name="ttk::label" manpage="label"/>
    <MAN id="labelframe" title="labelframe"/>
    <DEF cat="manpage" name="labelframe" manpage="labelframe"/>
    <DEF cat="widget" name="ttk::labelframe" manpage="labelframe"/>
    <KWD name="widget" manpage="labelframe"/>
    <KWD name="frame" manpage="labelframe"/>
    <KWD name="container" manpage="labelframe"/>
    <KWD name="label" manpage="labelframe"/>
    <KWD name="groupbox" manpage="labelframe"/>
    <MAN id="menubutton" title="menubutton"/>
    <DEF cat="manpage" name="menubutton" manpage="menubutton"/>
    <DEF cat="widget" name="ttk::menubutton" manpage="menubutton"/>
    <KWD name="widget" manpage="menubutton"/>
    <KWD name="button" manpage="menubutton"/>
    <KWD name="menu" manpage="menubutton"/>
    <MAN id="notebook" title="notebook"/>
    <DEF cat="manpage" name="notebook" manpage="notebook"/>
    <DEF cat="cmd" name="ttk::notebook" manpage="notebook"/>
    <KWD name="pane" manpage="notebook"/>
    <KWD name="tab" manpage="notebook"/>
    <MAN id="paned" title="panedwindow"/>
    <DEF cat="manpage" name="paned" manpage="paned"/>
    <DEF cat="cmd" name="ttk::panedwindow" manpage="paned"/>
    <MAN id="progressbar" title="progressbar"/>
    <DEF cat="manpage" name="progressbar" manpage="progressbar"/>
    <DEF cat="cmd" name="ttk::progressbar" manpage="progressbar"/>
    <MAN id="radiobutton" title="radiobutton"/>
    <DEF cat="manpage" name="radiobutton" manpage="radiobutton"/>
    <DEF cat="widget" name="ttk::radiobutton" manpage="radiobutton"/>
    <KWD name="widget" manpage="radiobutton"/>
    <KWD name="button" manpage="radiobutton"/>
    <KWD name="option" manpage="radiobutton"/>
    <MAN id="scrollbar" title="scrollbar"/>
    <DEF cat="manpage" name="scrollbar" manpage="scrollbar"/>
    <DEF cat="widget" name="ttk::scrollbar" manpage="scrollbar"/>
    <KWD name="scrollbar" manpage="scrollbar"/>
    <KWD name="widget" manpage="scrollbar"/>
    <MAN id="separator" title="separator"/>
    <DEF cat="manpage" name="separator" manpage="separator"/>
    <DEF cat="cmd" name="ttk::separator" manpage="separator"/>
    <KWD name="widget" manpage="separator"/>
    <KWD name="separator" manpage="separator"/>
    <MAN id="sizegrip" title="sizegrip"/>
    <DEF cat="manpage" name="sizegrip" manpage="sizegrip"/>
    <DEF cat="cmd" name="ttk::sizegrip" manpage="sizegrip"/>
    <KWD name="widget" manpage="sizegrip"/>
    <KWD name="sizegrip" manpage="sizegrip"/>
    <KWD name="grow box" manpage="sizegrip"/>
    <MAN id="treeview" title="treeview"/>
    <DEF cat="manpage" name="treeview" manpage="treeview"/>
    <DEF cat="cmd" name="ttk::treeview" manpage="treeview"/>
    <MAN id="Geometry" title="Geometry"/>
    <DEF cat="manpage" name="Geometry" manpage="Geometry"/>
    <DEF cat="fun" name="Ttk_MakeBox" manpage="Geometry"/>
    <DEF cat="fun" name="Ttk_PadBox" manpage="Geometry"/>
    <DEF cat="fun" name="Ttk_ExpandBox" manpage="Geometry"/>
    <DEF cat="fun" name="Ttk_PackBox" manpage="Geometry"/>
    <DEF cat="fun" name="Ttk_StickBox" manpage="Geometry"/>
    <DEF cat="fun" name="Ttk_PlaceBox" manpage="Geometry"/>
    <DEF cat="fun" name="Ttk_BoxContains" manpage="Geometry"/>
    <DEF cat="fun" name="Ttk_MakePadding" manpage="Geometry"/>
    <DEF cat="fun" name="Ttk_UniformPadding" manpage="Geometry"/>
    <DEF cat="fun" name="Ttk_AddPadding" manpage="Geometry"/>
    <DEF cat="fun" name="Ttk_RelievePadding" manpage="Geometry"/>
    <DEF cat="fun" name="Ttk_GetPaddingFromObj" manpage="Geometry"/>
    <DEF cat="fun" name="Ttk_GetBorderFromObj" manpage="Geometry"/>
    <DEF cat="fun" name="Ttk_GetStickyFromObj" manpage="Geometry"/>
    <DEF cat="type" name="Ttk_Box" manpage="Geometry" subpart="type_Ttk_Box"/>
    <DEF cat="type" name="Ttk_Padding" manpage="Geometry" subpart="type_Ttk_Padding"/>
    <KWD name="geometry" manpage="Geometry"/>
    <KWD name="padding" manpage="Geometry"/>
    <KWD name="margins" manpage="Geometry"/>
    <KWD name="box" manpage="Geometry"/>
    <KWD name="region" manpage="Geometry"/>
    <KWD name="sticky" manpage="Geometry"/>
    <KWD name="relief" manpage="Geometry"/>
    <MAN id="Theme" title="Ttk_CreateTheme"/>
    <DEF cat="manpage" name="Theme" manpage="Theme"/>
    <DEF cat="fun" name="Ttk_CreateTheme" manpage="Theme"/>
    <DEF cat="fun" name="Ttk_GetTheme" manpage="Theme"/>
    <DEF cat="fun" name="Ttk_GetDefaultTheme" manpage="Theme"/>
    <DEF cat="fun" name="Ttk_GetCurrentTheme" manpage="Theme"/>
</INDEX>

